The ``7-base_geometry`` module
==============================
>>> BaseGeometry = __import__('7-base_geometry').BaseGeometry
>>> bg = BaseGeometry()

Using ``area``
--------------

>>> bg.area()
Traceback (most recent call last):
	...
Exception: area() is not implemented

Using ``integer_validator``
---------------------------

>>> bg.integer_validator("myname", "myvalue")
Traceback (most recent call last):
	...
TypeError: myname must be an integer

>>> bg.integer_validator("myname", 3.14)
Traceback (most recent call last):
	...
TypeError: myname must be an integer

>>> bg.integer_validator("myname", -5)
Traceback (most recent call last):
	...
ValueError: myname must be greater than 0

>>> bg.integer_validator("myname", 0)
Traceback (most recent call last):
	...
ValueError: myname must be greater than 0

>>> bg.integer_validator("myname", 7)

